// Jest Snapshot v1, https://goo.gl/fbAQLP

exports[`AuthorizationScreen's snapshot 1`] = `
<label
  className="login"
>
  <div
    className="login__logo"
  >
    <img
      alt="Угадай мелодию"
      height="83"
      src="img/melody-logo.png"
      width="186"
    />
  </div>
  <h2
    className="login__title"
  >
    Fake authorization required!
  </h2>
  <p
    className="login__text"
  >
    Please introduce yourself!
  </p>
  <form
    action=""
    className="login__form"
    onChange={[MockFunction]}
    onSubmit={[MockFunction]}
  >
    <p
      className="login__field"
    >
      <label
        className="login__label"
        htmlFor="name"
      >
        Email
      </label>
      <input
        className="login__input"
        id="name"
        name="email"
        type="text"
      />
    </p>
    <p
      className="login__field"
    >
      <label
        className="login__label"
        htmlFor="password"
      >
        Password
      </label>
      <input
        className="login__input"
        id="password"
        name="password"
        type="text"
      />
      <span
        className="login__error"
      >
        Wrong Password
      </span>
    </p>
    <button
      className="login__button button"
      type="submit"
    >
      Sign In
    </button>
  </form>
</label>
`;
