// Jest Snapshot v1, https://goo.gl/fbAQLP

exports[`ArtistQuestionScreen's shapshot 1`] = `
<section
  className="game game--artist"
>
  <section
    className="game__screen"
  >
    <h2
      className="game__title"
    >
      Кто исполняет эту песню?
    </h2>
    <div
      className="game__track"
    >
      <div
        className="track"
      >
        <AudioPlayer
          isPlaying={false}
          onPlayButtonClick={[Function]}
          src="str"
        />
      </div>
    </div>
    <form
      className="game__artist"
    >
      <div
        className="artist"
      >
        <input
          className="artist__input visually-hidden"
          id="answer-1"
          name="answer"
          onClick={[Function]}
          type="radio"
          value="0"
        />
        <label
          className="artist__name"
          htmlFor="answer-1"
        >
          <img
            className="artist__picture"
          />
        </label>
      </div>
    </form>
  </section>
</section>
`;
