// Jest Snapshot v1, https://goo.gl/fbAQLP

exports[`Welcome's snapshot 1`] = `
<section
  className="welcome"
>
  <div
    className="welcome__logo"
  >
    <img
      alt="Угадай мелодию"
      height="83"
      src="img/melody-logo.png"
      width="186"
    />
  </div>
  <button
    className="welcome__button"
    onClick={[MockFunction]}
  >
    <span
      className="visually-hidden"
    >
      Play
    </span>
  </button>
  <h2
    className="welcome__rules-title"
  >
    Game Rules
  </h2>
  <p
    className="welcome__text"
  >
    The rules are simple:
  </p>
  <ul
    className="welcome__rules-list"
  >
    <li>
      You have to answer all the questions in 
      0
       minutes
    </li>
    <li>
      You are allowed to make 
      0
       mistakes.
    </li>
  </ul>
  <p
    className="welcome__text"
  >
    Good Luck!
  </p>
</section>
`;
