// Jest Snapshot v1, https://goo.gl/fbAQLP

exports[`App's snapshot 1`] = `
<section
  className="game"
>
  <header
    className="game__header"
    style={
      Object {
        "display": "none",
      }
    }
  >
    <a
      className="game__back"
      href="#"
    >
      <span
        className="visually-hidden"
      >
        Сыграть ещё раз
      </span>
      <img
        alt="Угадай мелодию"
        className="game__logo"
        src="img/melody-logo-ginger.png"
      />
    </a>
    <div
      className="timer__value"
    >
      <span
        className="timer__mins"
      >
        5
      </span>
      <span
        className="timer__dots"
      >
        :
      </span>
      <span
        className="timer__secs"
      >
        0
      </span>
    </div>
    <div
      className="game__mistakes"
    />
  </header>
</section>
`;
